../BSP/app_ctrl.c:35:13:App_U16ToLe	16	static
../BSP/app_ctrl.c:40:13:App_U64ToLe	40	static
../BSP/app_ctrl.c:46:13:App_BuildCfgData	16	static
../BSP/app_ctrl.c:72:13:App_BuildOpData	16	static
../BSP/app_ctrl.c:77:13:App_SetChBit	40	static
../BSP/app_ctrl.c:83:13:App_ClrChBit	48	static
../BSP/app_ctrl.c:89:13:App_IsChSet	32	static
../BSP/app_ctrl.c:97:13:App_ResetState	8	static
../BSP/app_ctrl.c:106:13:App_HandleTimeout	16	static
../BSP/app_ctrl.c:124:13:App_FrameTxCb	16	static
../BSP/app_ctrl.c:141:13:App_FrameRxCb	32	static
../BSP/app_ctrl.c:164:13:App_TrackChannel	40	static
../BSP/app_ctrl.c:170:13:App_ClearTrackedChannels	4	static
../BSP/app_ctrl.c:174:17:App_GetTrackedChannels	4	static
../BSP/app_ctrl.c:179:13:AppCtrl_Init	16	static
../BSP/app_ctrl.c:193:13:AppCtrl_SendCmd	40	static
../BSP/app_ctrl.c:214:13:AppCtrl_SetCfg	24	static
../BSP/app_ctrl.c:231:13:AppCtrl_SynOp	32	static
../BSP/app_ctrl.c:250:13:AppCtrl_TrigOp	24	static
../BSP/app_ctrl.c:262:13:AppCtrl_CtrlOp	32	static
../BSP/app_ctrl.c:281:13:AppCtrl_IsTxBusy	16	static
../BSP/app_ctrl.c:286:13:AppCtrl_Process	8	static
../BSP/app_ctrl.c:305:16:AppCtrl_GetInstance	4	static
