../BSP/com_frame.c:40:16:ComFrame_CalcChecksum	24	static
../BSP/com_frame.c:48:13:ComFrame_BuildCmd	32	static
../BSP/com_frame.c:68:13:ComFrame_ValidateRx	24	static
../BSP/com_frame.c:92:13:ComFrame_TxReqCb	16	static
../BSP/com_frame.c:104:13:ComFrame_TxCompleteCb	8	static
../BSP/com_frame.c:111:13:ComFrame_RxByteCb	16	static
../BSP/com_frame.c:140:13:ComFrame_Init	16	static
../BSP/com_frame.c:158:13:ComFrame_SendCmd	32	static
../BSP/com_frame.c:180:13:ComFrame_SetRxCb	16	static
../BSP/com_frame.c:184:13:ComFrame_IsTxBusy	16	static
../BSP/com_frame.c:199:17:ComFrame_GetInstance	4	static
